error: expected one of `,`, `::`, or identifier, found `=`
 --> $DIR/args.rs:7:22
  |
7 | #[enum_derive(Clone, =>)]
  |                      ^^

error: expected identifier
  --> $DIR/args.rs:13:25
   |
13 | #[enum_derive(foo::bar::!)]
   |                         ^

error: aborting due to 2 previous errors

